Pantheon Guard

  Scanned 4575 files
  Scope: 280 allowed files matched
  Review-required: 380 files matched
  Python observations: 4249 files, 14 sensitive zones

  Intent:
    Add an eco-packaging fee during checkout for selected product types.

  Allowed files: 157
  Review required: 78
  Forbidden patterns: 9

  Artifacts:
    .pantheon/task.md           ← give this to your AI agent
    .pantheon/scope.md          ← human-readable scope
    .pantheon/check.json        ← machine-readable baseline
    .pantheon/python_report.md  ← Python governance signals

Next: after the agent edits code, run: pantheon check
Pantheon Boundary Check (attempt 1)

  Verdict: requires_reverse_issue

  Changed files: 2
  In scope: 0
  Outside scope: 1
  Forbidden: 1

  Findings:
    [reverse_issue_required] saleor/checkout/migrations/9999_auto_eco_fee.py: File outside authorized scope: saleor/checkout/migrations/9999_auto_eco_fee.py
    [reverse_issue_required] saleor/discount/models.py: Forbidden file modified: saleor/discount/models.py

  Reports:
    .pantheon/report.md    ← reviewer report
    .pantheon/feedback.md  ← agent retry feedback
    .pantheon/check.json   ← machine-readable result
    .pantheon/attempts/attempt_1/  ← attempt archive
[Pantheon Action] Verdict: requires_reverse_issue
[Pantheon Action] Fail decision: fail
[Pantheon Action] Artifacts: H:\Boom\pantheon\data\dogfood\p26-github-action\blocking_case\worktree\pantheon-report
[Pantheon Action] Comment: skipped
