Pantheon Guard

  Scanned 4574 files
  Scope: 279 allowed files matched
  Review-required: 380 files matched
  Python observations: 4248 files, 14 sensitive zones

  Intent:
    Add an eco-packaging fee during checkout for selected product types.

  Allowed files: 157
  Review required: 78
  Forbidden patterns: 9

  Artifacts:
    .pantheon/task.md           ← give this to your AI agent
    .pantheon/scope.md          ← human-readable scope
    .pantheon/check.json        ← machine-readable baseline
    .pantheon/python_report.md  ← Python governance signals

Next: after the agent edits code, run: pantheon check
Pantheon Boundary Check (attempt 1)

  Verdict: requires_review

  Changed files: 3
  In scope: 2
  Review required: 1

  Findings:
    [review_required] saleor/order/models.py: File requires human review: saleor/order/models.py

  Reports:
    .pantheon/report.md    ← reviewer report
    .pantheon/feedback.md  ← agent retry feedback
    .pantheon/check.json   ← machine-readable result
    .pantheon/attempts/attempt_1/  ← attempt archive
[Pantheon Action] Verdict: requires_review
[Pantheon Action] Fail decision: pass
[Pantheon Action] Artifacts: H:\Boom\pantheon\data\dogfood\p26-github-action\requires_review_case\worktree\pantheon-report
[Pantheon Action] Comment: skipped
